**********************
Windows PowerShell transcript start
Start time: 20260901013038
Username: JACHINS-LAPTOP\jachi
RunAs User: JACHINS-LAPTOP\jachi
Configuration Name: 
Machine: JACHINS-LAPTOP (Microsoft Windows NT 10.0.26200.0)
Host Application: C:\Windows\System32\WindowsPowerShell\v1.0\powershell.exe -noexit -command try { . "c:\Users\jachi\AppData\Local\Programs\Microsoft VS Code\08d4889f9e\resources\app\out\vs\workbench\contrib\terminal\common\scripts\shellIntegration.ps1" } catch {}
Process ID: 14940
PSVersion: 5.1.26100.9168
PSEdition: Desktop
PSCompatibleVersions: 1.0, 2.0, 3.0, 4.0, 5.0, 5.1.26100.9168
BuildVersion: 10.0.26100.9168
CLRVersion: 4.0.30319.42000
WSManStackVersion: 3.0
PSRemotingProtocolVersion: 2.3
SerializationVersion: 1.1.0.1
**********************
Transcript started, output file is results\overnight_console.log
=== starting n1 at 2026-09-01T01:30:38.9298314+08:00 ===


=== n1 done at 2026-09-01T01:42:26.9996294+08:00 ===
=== starting n2 at 2026-09-01T01:42:27.0006283+08:00 ===


=== n2 done at 2026-09-01T01:45:08.9282544+08:00 ===
=== starting n3 at 2026-09-01T01:45:08.9302525+08:00 ===


=== n3 done at 2026-09-01T01:52:14.4993311+08:00 ===
=== starting n4 at 2026-09-01T01:52:14.5013293+08:00 ===


=== n4 done at 2026-09-01T01:59:28.8530570+08:00 ===
=== starting n5 at 2026-09-01T01:59:28.8560637+08:00 ===


=== n5 done at 2026-09-01T02:06:54.6547716+08:00 ===
=== starting n6 at 2026-09-01T02:06:54.6567626+08:00 ===


=== n6 done at 2026-09-01T02:14:54.9948943+08:00 ===
=== starting n7 at 2026-09-01T02:14:54.9958947+08:00 ===

PS>TerminatingError(): "The pipeline has been stopped."
>> TerminatingError(): "The pipeline has been stopped."
]633;D;1]633;A]633;P;Cwd=C:\x5cUsers\x5cjachi\x5cDownloads\x5cTippytop-repoPS C:\Users\jachi\Downloads\Tippytop-repo> ]633;B
